// Jest Snapshot v1, https://goo.gl/fbAQLP

exports[`given: missing data when: I initialize then: error matched snapshot 1`] = `[Error: Dto: ownerId must be a string, title must be a string, message must be a string, recordType must be a string, recordId must be a string, id must be a string, sequence must be a number string, lastUpdatedBy must be a string, lastUpdateDate must be a string]`;
