// Jest Snapshot v1, https://goo.gl/fbAQLP

exports[`given: missing data when: I initialize then: error matched snapshot 1`] = `[Error: Dto: seed must be a number conforming to the specified constraints, id must be a string, sequence must be a number string, lastUpdatedBy must be a string, lastUpdateDate must be a string]`;
